docs/evidence/module-progress-58d79b68/author/feature.patch:21: trailing whitespace.
+ 
docs/evidence/module-progress-58d79b68/author/feature.patch:23: trailing whitespace.
+ 
docs/evidence/module-progress-58d79b68/author/feature.patch:36: trailing whitespace.
+ 
docs/evidence/module-progress-58d79b68/author/feature.patch:52: trailing whitespace.
+ 
docs/evidence/module-progress-58d79b68/author/feature.patch:170: trailing whitespace.
+ 
docs/evidence/module-progress-58d79b68/author/feature.patch:201: trailing whitespace.
+ 
docs/evidence/module-progress-58d79b68/author/feature.patch:209: trailing whitespace.
+ 
docs/evidence/module-progress-58d79b68/author/feature.patch:229: trailing whitespace.
+ 
docs/evidence/module-progress-58d79b68/author/feature.patch:236: trailing whitespace.
+ 
docs/evidence/module-progress-58d79b68/author/feature.patch:237: trailing whitespace.
+ 
docs/evidence/module-progress-58d79b68/author/initial-focused.stdout.log:11: trailing whitespace.
+    
docs/evidence/module-progress-58d79b68/author/initial-focused.stdout.log:17: trailing whitespace.
+    
docs/evidence/module-progress-58d79b68/author/initial-focused.stdout.log:29: trailing whitespace.
+    
docs/evidence/module-progress-58d79b68/author/initial-focused.stdout.log:43: trailing whitespace.
+tests/test_module_progress_process.py:98: 
docs/evidence/module-progress-58d79b68/author/initial-focused.stdout.log:44: trailing whitespace.
+_ _ _ _ _ _ _ _ _ _ _ _ _ _ _ _ _ _ _ _ _ _ _ _ _ _ _ _ _ _ _ _ _ _ _ _ _ _ _ _ 
docs/evidence/module-progress-58d79b68/author/initial-focused.stdout.log:51: trailing whitespace.
+_ _ _ _ _ _ _ _ _ _ _ _ _ _ _ _ _ _ _ _ _ _ _ _ _ _ _ _ _ _ _ _ _ _ _ _ _ _ _ _ 
docs/evidence/module-progress-58d79b68/author/initial-focused.stdout.log:61: trailing whitespace.
+    
docs/evidence/module-progress-58d79b68/author/initial-focused.stdout.log:64: trailing whitespace.
+    
docs/evidence/module-progress-58d79b68/author/initial-focused.stdout.log:94: trailing whitespace.
+tests/test_module_progress_process.py:124: 
docs/evidence/module-progress-58d79b68/author/initial-focused.stdout.log:95: trailing whitespace.
+_ _ _ _ _ _ _ _ _ _ _ _ _ _ _ _ _ _ _ _ _ _ _ _ _ _ _ _ _ _ _ _ _ _ _ _ _ _ _ _ 
docs/evidence/module-progress-58d79b68/author/initial-focused.stdout.log:102: trailing whitespace.
+_ _ _ _ _ _ _ _ _ _ _ _ _ _ _ _ _ _ _ _ _ _ _ _ _ _ _ _ _ _ _ _ _ _ _ _ _ _ _ _ 
docs/evidence/module-progress-58d79b68/author/initial-focused.stdout.log:112: trailing whitespace.
+    
docs/evidence/module-progress-58d79b68/author/initial-focused.stdout.log:115: trailing whitespace.
+    
docs/evidence/module-progress-58d79b68/author/initial-focused.xml:7: trailing whitespace.
+    
docs/evidence/module-progress-58d79b68/author/initial-focused.xml:13: trailing whitespace.
+    
docs/evidence/module-progress-58d79b68/author/initial-focused.xml:25: trailing whitespace.
+    
docs/evidence/module-progress-58d79b68/author/initial-focused.xml:39: trailing whitespace.
+tests/test_module_progress_process.py:98: 
docs/evidence/module-progress-58d79b68/author/initial-focused.xml:40: trailing whitespace.
+_ _ _ _ _ _ _ _ _ _ _ _ _ _ _ _ _ _ _ _ _ _ _ _ _ _ _ _ _ _ _ _ _ _ _ _ _ _ _ _ 
docs/evidence/module-progress-58d79b68/author/initial-focused.xml:47: trailing whitespace.
+_ _ _ _ _ _ _ _ _ _ _ _ _ _ _ _ _ _ _ _ _ _ _ _ _ _ _ _ _ _ _ _ _ _ _ _ _ _ _ _ 
docs/evidence/module-progress-58d79b68/author/initial-focused.xml:57: trailing whitespace.
+    
docs/evidence/module-progress-58d79b68/author/initial-focused.xml:60: trailing whitespace.
+    
docs/evidence/module-progress-58d79b68/author/initial-focused.xml:87: trailing whitespace.
+tests/test_module_progress_process.py:124: 
docs/evidence/module-progress-58d79b68/author/initial-focused.xml:88: trailing whitespace.
+_ _ _ _ _ _ _ _ _ _ _ _ _ _ _ _ _ _ _ _ _ _ _ _ _ _ _ _ _ _ _ _ _ _ _ _ _ _ _ _ 
docs/evidence/module-progress-58d79b68/author/initial-focused.xml:95: trailing whitespace.
+_ _ _ _ _ _ _ _ _ _ _ _ _ _ _ _ _ _ _ _ _ _ _ _ _ _ _ _ _ _ _ _ _ _ _ _ _ _ _ _ 
docs/evidence/module-progress-58d79b68/author/initial-focused.xml:105: trailing whitespace.
+    
docs/evidence/module-progress-58d79b68/author/initial-focused.xml:108: trailing whitespace.
+    
