2026-10-08T16:31:03.0350593Z HEAD is now at b9b74fa Merge 1425925f659efa2cf8199d9fcc9f44ea44d32fcf into 6c4d5d2e7526cddc1aa6c90bfbef2d1188382ad3
2026-10-08T16:31:03.0355792Z ##[endgroup]
2026-10-08T16:31:03.0377817Z [command]/usr/bin/git log -1 --format=%H
2026-10-08T16:31:03.0398559Z b9b74faff5c9b7db1a946a2bab64d8843c2c9298

2026-10-08T16:31:14.9113523Z ##[group]Run ruff check src tests scripts
2026-10-08T16:31:14.9113975Z [36;1mruff check src tests scripts[0m
2026-10-08T16:31:14.9149883Z shell: /usr/bin/bash -e {0}
2026-10-08T16:31:14.9150218Z env:
2026-10-08T16:31:14.9150589Z   pythonLocation: /opt/hostedtoolcache/Python/3.12.15/x64
2026-10-08T16:31:14.9151058Z   PKG_CONFIG_PATH: /opt/hostedtoolcache/Python/3.12.15/x64/lib/pkgconfig
2026-10-08T16:31:14.9151523Z   Python_ROOT_DIR: /opt/hostedtoolcache/Python/3.12.15/x64
2026-10-08T16:31:14.9151958Z   Python2_ROOT_DIR: /opt/hostedtoolcache/Python/3.12.15/x64
2026-10-08T16:31:14.9152357Z   Python3_ROOT_DIR: /opt/hostedtoolcache/Python/3.12.15/x64
2026-10-08T16:31:14.9152832Z   LD_LIBRARY_PATH: /opt/hostedtoolcache/Python/3.12.15/x64/lib
2026-10-08T16:31:14.9153185Z ##[endgroup]
2026-10-08T16:31:14.9398970Z All checks passed!
2026-10-08T16:31:14.9437151Z ##[group]Run pytest -q
2026-10-08T16:31:14.9437501Z [36;1mpytest -q[0m
2026-10-08T16:31:14.9469661Z shell: /usr/bin/bash -e {0}
2026-10-08T16:31:14.9469971Z env:
2026-10-08T16:31:14.9470334Z   pythonLocation: /opt/hostedtoolcache/Python/3.12.15/x64
2026-10-08T16:31:14.9470794Z   PKG_CONFIG_PATH: /opt/hostedtoolcache/Python/3.12.15/x64/lib/pkgconfig
2026-10-08T16:31:14.9471207Z   Python_ROOT_DIR: /opt/hostedtoolcache/Python/3.12.15/x64
2026-10-08T16:31:14.9471646Z   Python2_ROOT_DIR: /opt/hostedtoolcache/Python/3.12.15/x64
2026-10-08T16:31:14.9472024Z   Python3_ROOT_DIR: /opt/hostedtoolcache/Python/3.12.15/x64
2026-10-08T16:31:14.9472447Z   LD_LIBRARY_PATH: /opt/hostedtoolcache/Python/3.12.15/x64/lib
2026-10-08T16:31:14.9472885Z ##[endgroup]
2026-10-08T16:31:33.6967856Z ........................................................................ [  9%]
2026-10-08T16:31:44.2275330Z ........................................................................ [ 18%]
2026-10-08T16:31:48.5372112Z ........................................................................ [ 27%]
2026-10-08T16:32:00.7415664Z .........................s.............................................. [ 36%]
2026-10-08T16:32:21.2090583Z ........................................................................ [ 45%]
2026-10-08T16:32:41.0341142Z ................................. [ 49%]
2026-10-08T16:33:12.4283506Z ........................................................................ [ 58%]
2026-10-08T16:33:15.4529781Z ..................................................................... [ 67%]
2026-10-08T16:33:34.5834051Z ..................................................................... [ 76%]
2026-10-08T16:33:55.0117913Z ............................................................... [ 83%]
2026-10-08T16:34:06.3619976Z ........................................................................ [ 93%]
2026-10-08T16:34:06.7335411Z .......................................................               [100%]
2026-10-08T16:34:06.7338453Z 792 passed, 1 skipped, 57 subtests passed in 171.20s (0:02:51)
