2026-10-08T17:29:08.1688867Z HEAD is now at 5381afe Merge 16ddd61e4ed2bb971d84b8e9823890de145bc1b3 into 1bafdaa31f7789d8e561680cb6001bbe38b2da64
2026-10-08T17:29:08.1693986Z ##[endgroup]
2026-10-08T17:29:08.1899080Z [command]/usr/bin/git log -1 --format=%H
2026-10-08T17:29:08.1926736Z 5381afe3fc83581923b2e9350bbd6741a3a88de9

2026-10-08T17:29:22.1992611Z ##[group]Run ruff check src tests scripts
2026-10-08T17:29:22.1992929Z [36;1mruff check src tests scripts[0m
2026-10-08T17:29:22.2051768Z shell: /usr/bin/bash -e {0}
2026-10-08T17:29:22.2051983Z env:
2026-10-08T17:29:22.2052211Z   pythonLocation: /opt/hostedtoolcache/Python/3.12.15/x64
2026-10-08T17:29:22.2052559Z   PKG_CONFIG_PATH: /opt/hostedtoolcache/Python/3.12.15/x64/lib/pkgconfig
2026-10-08T17:29:22.2052888Z   Python_ROOT_DIR: /opt/hostedtoolcache/Python/3.12.15/x64
2026-10-08T17:29:22.2053194Z   Python2_ROOT_DIR: /opt/hostedtoolcache/Python/3.12.15/x64
2026-10-08T17:29:22.2053486Z   Python3_ROOT_DIR: /opt/hostedtoolcache/Python/3.12.15/x64
2026-10-08T17:29:22.2053791Z   LD_LIBRARY_PATH: /opt/hostedtoolcache/Python/3.12.15/x64/lib
2026-10-08T17:29:22.2054045Z ##[endgroup]
2026-10-08T17:29:22.2305372Z All checks passed!
2026-10-08T17:29:22.2344309Z ##[group]Run pytest -q
2026-10-08T17:29:22.2344530Z [36;1mpytest -q[0m
2026-10-08T17:29:22.2403031Z shell: /usr/bin/bash -e {0}
2026-10-08T17:29:22.2403248Z env:
2026-10-08T17:29:22.2403476Z   pythonLocation: /opt/hostedtoolcache/Python/3.12.15/x64
2026-10-08T17:29:22.2403830Z   PKG_CONFIG_PATH: /opt/hostedtoolcache/Python/3.12.15/x64/lib/pkgconfig
2026-10-08T17:29:22.2404166Z   Python_ROOT_DIR: /opt/hostedtoolcache/Python/3.12.15/x64
2026-10-08T17:29:22.2404461Z   Python2_ROOT_DIR: /opt/hostedtoolcache/Python/3.12.15/x64
2026-10-08T17:29:22.2404766Z   Python3_ROOT_DIR: /opt/hostedtoolcache/Python/3.12.15/x64
2026-10-08T17:29:22.2405058Z   LD_LIBRARY_PATH: /opt/hostedtoolcache/Python/3.12.15/x64/lib
2026-10-08T17:29:22.2405315Z ##[endgroup]
2026-10-08T17:29:41.7697676Z ........................................................................ [  8%]
2026-10-08T17:29:51.9620103Z ........................................................................ [ 16%]
2026-10-08T17:29:55.4834880Z ........................................................................ [ 24%]
2026-10-08T17:30:07.2741664Z .........................s.............................................. [ 33%]
2026-10-08T17:30:27.2570656Z ........................................................................ [ 41%]
2026-10-08T17:30:46.9277667Z ................................. [ 45%]
2026-10-08T17:30:57.6302595Z ........................................................................ [ 53%]
2026-10-08T17:31:25.3850287Z ..................................................................... [ 61%]
2026-10-08T17:31:25.4368626Z ........................................................................ [ 69%]
2026-10-08T17:31:57.9235320Z ........................................................................ [ 77%]
2026-10-08T17:32:22.6322725Z ............................................................ [ 84%]
2026-10-08T17:32:33.9287438Z ........................................................................ [ 92%]
2026-10-08T17:32:34.3573550Z ..............................................................        [100%]
2026-10-08T17:32:34.3575251Z 871 passed, 1 skipped, 57 subtests passed in 190.95s (0:03:10)
