test_absent_null_and_empty_rubrics_remain_distinct (__main__.TestIndependentBrief.test_absent_null_and_empty_rubrics_remain_distinct) ... ok
test_advisory_grading_and_display_flags_are_independent (__main__.TestIndependentBrief.test_advisory_grading_and_display_flags_are_independent) ... ok
test_bad_criterion_rows_and_fields_preserve_healthy_neighbors (__main__.TestIndependentBrief.test_bad_criterion_rows_and_fields_preserve_healthy_neighbors) ... ok
test_bad_rating_containers_remain_unavailable (__main__.TestIndependentBrief.test_bad_rating_containers_remain_unavailable) ... ok
test_bad_rating_rows_and_fields_preserve_healthy_levels (__main__.TestIndependentBrief.test_bad_rating_rows_and_fields_preserve_healthy_levels) ... ok
test_grading_flag_rejects_coercion (__main__.TestIndependentBrief.test_grading_flag_rejects_coercion) ... ok
test_invalid_points_are_local_and_output_is_strict_json (__main__.TestIndependentBrief.test_invalid_points_are_local_and_output_is_strict_json) ... ok
test_malformed_rubric_containers_preserve_the_brief (__main__.TestIndependentBrief.test_malformed_rubric_containers_preserve_the_brief) ... ok
test_native_api_preserves_integer_requested_ids (__main__.TestIndependentBrief.test_native_api_preserves_integer_requested_ids) ... ok
test_no_usable_criteria_is_diagnosed_empty_not_missing (__main__.TestIndependentBrief.test_no_usable_criteria_is_diagnosed_empty_not_missing) ... ok
test_nullable_and_sparse_criteria_do_not_invent_fields (__main__.TestIndependentBrief.test_nullable_and_sparse_criteria_do_not_invent_fields) ... ok
test_ordered_ratings_fractional_zero_points_and_literal_text (__main__.TestIndependentBrief.test_ordered_ratings_fractional_zero_points_and_literal_text) ... ok
test_original_brief_fields_links_body_and_request (__main__.TestIndependentBrief.test_original_brief_fields_links_body_and_request) ... ok
test_original_get_assignment_fields (__main__.TestIndependentBrief.test_original_get_assignment_fields) ... ok
test_outcome_range_and_nonscoring_fields (__main__.TestIndependentBrief.test_outcome_range_and_nonscoring_fields) ... ok
test_projection_and_settings_do_not_alias_supplied_data (__main__.TestIndependentBrief.test_projection_and_settings_do_not_alias_supplied_data) ... ok
test_public_help_and_registered_tool_description_expose_rubric (__main__.TestIndependentBrief.test_public_help_and_registered_tool_description_expose_rubric) ... ok
test_registered_mcp_rereads_current_assignment (__main__.TestIndependentBrief.test_registered_mcp_rereads_current_assignment) ... ok
test_settings_container_validation_and_whole_object_custody (__main__.TestIndependentBrief.test_settings_container_validation_and_whole_object_custody) ... ok
test_unknown_criterion_fields_are_not_invented_as_contract (__main__.TestIndependentBrief.test_unknown_criterion_fields_are_not_invented_as_contract) ... ok

----------------------------------------------------------------------
Ran 20 tests in 0.122s

OK
