{
  "ok": true,
  "output": "/Users/me/canvaspilot-page-packet-20261008-5f566b5ec8ef/evidence/quiz-receiving/offline-capture/reading.html",
  "source": "http://127.0.0.1:60676",
  "course_id": "42",
  "generated_at": "2026-10-08T16:19:12.192974+00:00",
  "pages_exported": 3,
  "original_body_bytes": 729,
  "pages": [
    {
      "requested": "intro",
      "page_id": 9007199254740993,
      "url": "intro",
      "title": "Reading one \u2014 \u96ea & <script>literal title</script>",
      "body_sha256": "51398b8a771fb85e769ed07bcd3ddcda10682c65a981478dfd6a1cb5399834e7",
      "body_bytes": 534
    },
    {
      "requested": "7",
      "page_id": 8,
      "url": "7",
      "title": "A numeric URL is still a URL",
      "body_sha256": "3f3f9716b6f22281ace1de5d8874857eb7dabe930ff38bca711d527fa1844c6d",
      "body_bytes": 137
    },
    {
      "requested": "page_id:7",
      "page_id": 7,
      "url": "notes-\u96ea",
      "title": "Explicit page ID seven",
      "body_sha256": "452d9c2b3bf3f5fc05f43c7cd844c0fb1b843e8e65ad2e2421fd9c05c4acdc48",
      "body_bytes": 58
    }
  ],
  "sha256": "c44ada3fed07d6126ecc67486ddb57ff3b90ddf5fa352496dcae6c4ec3af7530",
  "bytes": 9311
}
