ISC004 Unparenthesized implicit string concatenation in collection
   --> src/canvaspilot/grade_review_export.py:221:9
    |
219 |           f'<h2 id="group-{index}-title">{title}</h2>',
220 |           _facts({key: value for key, value in group.items() if key != "assignments"}),
221 | /         '<p class="muted">Group weights and drop rules are reported context. '
222 | |         "This file does not select dropped work or recalculate a grade.</p>",
    | |____________________________________________________________________________^
223 |       ]
224 |       assignments = group["assignments"]
    |
help: Did you forget a comma?
help: Wrap implicitly concatenated strings in parentheses

ISC004 Unparenthesized implicit string concatenation in collection
   --> src/canvaspilot/grade_review_export.py:257:9
    |
255 |           '<meta name="viewport" content="width=device-width, initial-scale=1">',
256 |           '<meta name="referrer" content="no-referrer">',
257 | /         '<meta http-equiv="Content-Security-Policy" content="default-src \'none\'; '
258 | |         "style-src 'unsafe-inline'; base-uri 'none'; form-action 'none'\">",
    | |___________________________________________________________________________^
259 |           "<title>Course grade review — CanvasPilot</title><style>", _STYLE,
260 |           '</style></head><body><main id="top"><header>',
    |
help: Did you forget a comma?
help: Wrap implicitly concatenated strings in parentheses

ISC004 Unparenthesized implicit string concatenation in collection
   --> src/canvaspilot/grade_review_export.py:264:9
    |
262 |           f"<h1>{title}</h1>",
263 |           f'<p>Report created <time datetime="{created}">{created}</time></p>',
264 | /         '<p class="notice">This saved observation shows Canvas-reported values for the '
265 | |         "authenticated caller. It does not refresh or calculate a replacement grade. "
266 | |         "Counts cover returned rows; whole-course completeness remains unknown.</p>",
    | |____________________________________________________________________________________^
267 |           '<p class="muted">Values use JSON notation: null means unavailable, false differs '
268 |           'from a missing flag, 0 stays zero, and "" is an explicitly returned empty string. '
    |
help: Did you forget a comma?
help: Wrap implicitly concatenated strings in parentheses

ISC004 Unparenthesized implicit string concatenation in collection
   --> src/canvaspilot/grade_review_export.py:267:9
    |
265 |           "authenticated caller. It does not refresh or calculate a replacement grade. "
266 |           "Counts cover returned rows; whole-course completeness remains unknown.</p>",
267 | /         '<p class="muted">Values use JSON notation: null means unavailable, false differs '
268 | |         'from a missing flag, 0 stays zero, and "" is an explicitly returned empty string. '
269 | |         "A field marked Not returned is unknown.</p></header>",
    | |______________________________________________________________^
270 |           '<section class="panel" aria-labelledby="totals-title"><h2 id="totals-title">Reported course totals</h2>',
271 |       ]
    |
help: Did you forget a comma?
help: Wrap implicitly concatenated strings in parentheses

ISC004 Unparenthesized implicit string concatenation in collection
   --> src/canvaspilot/grade_review_export.py:318:9
    |
316 |           "<ul>" + "".join("<li>" + _escape(message) + "</li>" for message in report["warnings"])
317 |           + "</ul>" if report["warnings"] else "<p>No reader warnings were returned.</p>",
318 | /         f'<p><a class="download" id="download-report" download="course-grade-review.json" '
319 | |         f'href="data:application/json;base64,{encoded}">Download complete report JSON</a></p>',
    | |______________________________________________________________________________________________^
320 |           '<p class="muted">The download preserves the complete normalized report used here. '
321 |           "Original Canvas response pages are not included.</p>",
    |
help: Did you forget a comma?
help: Wrap implicitly concatenated strings in parentheses

ISC004 Unparenthesized implicit string concatenation in collection
   --> src/canvaspilot/grade_review_export.py:320:9
    |
318 |           f'<p><a class="download" id="download-report" download="course-grade-review.json" '
319 |           f'href="data:application/json;base64,{encoded}">Download complete report JSON</a></p>',
320 | /         '<p class="muted">The download preserves the complete normalized report used here. '
321 | |         "Original Canvas response pages are not included.</p>",
    | |______________________________________________________________^
322 |           f'<p class="muted">JSON SHA-256: <code id="json-sha256">{payload_hash}</code></p>',
323 |           "</section><footer>Open this file directly in a browser. Use the browser's Print command "
    |
help: Did you forget a comma?
help: Wrap implicitly concatenated strings in parentheses

ISC004 Unparenthesized implicit string concatenation in collection
   --> src/canvaspilot/grade_review_export.py:323:9
    |
321 |           "Original Canvas response pages are not included.</p>",
322 |           f'<p class="muted">JSON SHA-256: <code id="json-sha256">{payload_hash}</code></p>',
323 | /         "</section><footer>Open this file directly in a browser. Use the browser's Print command "
324 | |         "for paper or PDF. Source links are shown as text; this report has no scripts, "
325 | |         "remote assets or grade-editing controls.</footer></main></body></html>\n",
    | |__________________________________________________________________________________^
326 |       ])
327 |       content = "".join(parts).encode("utf-8")
    |
help: Did you forget a comma?
help: Wrap implicitly concatenated strings in parentheses

I001 [*] Import block is un-sorted or un-formatted
  --> tests/test_grade_review_export.py:3:1
   |
 1 |   """Offline grade export contracts with synthetic Canvas input and actual CLI reads."""
 2 |
 3 | / from __future__ import annotations
 4 | |
 5 | | import base64
 6 | | import hashlib
 7 | | import json
 8 | | import os
 9 | | import subprocess
10 | | import sys
11 | | from copy import deepcopy
12 | | from datetime import UTC, datetime
13 | | from html.parser import HTMLParser
14 | | from pathlib import Path
15 | | from unittest.mock import Mock
16 | |
17 | | import pytest
18 | | from grade_review_fixture import GradeReviewHTTPFixture, grade_fixture
19 | |
20 | | from canvaspilot.api import CanvasAPI
21 | | from canvaspilot.client import CanvasClient
22 | | from canvaspilot.grade_review_export import build_grade_review_report, render_grade_review_report
   | |_________________________________________________________________________________________________^
23 |
24 |   STAMP = datetime(2026, 10, 8, 17, 20, tzinfo=UTC)
   |
help: Organize imports
   |
21 | from canvaspilot.client import CanvasClient
   - from canvaspilot.grade_review_export import build_grade_review_report, render_grade_review_report
22 + from canvaspilot.grade_review_export import (
23 +     build_grade_review_report,
24 +     render_grade_review_report,
25 + )
26 |
   |

DTZ001 `datetime.datetime()` called without a `tzinfo` argument
   --> tests/test_grade_review_export.py:156:57
    |
154 |     assert first == second
155 |     with pytest.raises(ValueError, match="timezone"):
156 |         render_grade_review_report(report, generated_at=datetime(2026, 10, 8))
    |                                                         ^^^^^^^^^^^^^^^^^^^^^
157 |     monkeypatch.setattr(exporter, "MAX_REPORT_BYTES", 10)
158 |     with pytest.raises(ValueError, match="JSON"):
    |
help: Pass a `datetime.timezone` object to the `tzinfo` parameter

Found 9 errors.
[*] 1 fixable with the `--fix` option (7 hidden fixes can be enabled with the `--unsafe-fixes` option).
