FFFFFFFFFF                                                               [100%]
=================================== FAILURES ===================================
_________ test_malformed_relation_metadata_cannot_assert_completion[] __________

monkeypatch = <_pytest.monkeypatch.MonkeyPatch object at 0x7ff5cb9f2030>
suffix = ''

    @pytest.mark.parametrize("suffix", [
        "",
        "; rel=<next>",
        "; rel=next/prev",
        '; rel="<next>"',
        '; rel="next/prev"',
        '; rel="next\talternate"',
        '; rel="next"; title=not=a=token',
    ])
    def test_malformed_relation_metadata_cannot_assert_completion(monkeypatch, suffix):
        replies = [{"json": [{"id": 1}], "link": f"<{NEXT}>{suffix}"},
                   {"json": [{"id": 99}], "link": None}]
        with collection(monkeypatch, replies) as (client, calls):
>           with pytest.raises(RuntimeError, match="pagination.*Link"):
                 ^^^^^^^^^^^^^^^^^^^^^^^^^^^^^^^^^^^^^^^^^^^^^^^^^^^^^
E           Failed: DID NOT RAISE RuntimeError

../86776bb3cdb8-product-pr35/tests/test_broker_link_metadata_receiving.py:95: Failed
___ test_malformed_relation_metadata_cannot_assert_completion[; rel=<next>] ____

monkeypatch = <_pytest.monkeypatch.MonkeyPatch object at 0x7ff5cb0d3e00>
suffix = '; rel=<next>'

    @pytest.mark.parametrize("suffix", [
        "",
        "; rel=<next>",
        "; rel=next/prev",
        '; rel="<next>"',
        '; rel="next/prev"',
        '; rel="next\talternate"',
        '; rel="next"; title=not=a=token',
    ])
    def test_malformed_relation_metadata_cannot_assert_completion(monkeypatch, suffix):
        replies = [{"json": [{"id": 1}], "link": f"<{NEXT}>{suffix}"},
                   {"json": [{"id": 99}], "link": None}]
        with collection(monkeypatch, replies) as (client, calls):
>           with pytest.raises(RuntimeError, match="pagination.*Link"):
                 ^^^^^^^^^^^^^^^^^^^^^^^^^^^^^^^^^^^^^^^^^^^^^^^^^^^^^
E           Failed: DID NOT RAISE RuntimeError

../86776bb3cdb8-product-pr35/tests/test_broker_link_metadata_receiving.py:95: Failed
__ test_malformed_relation_metadata_cannot_assert_completion[; rel=next/prev] __

monkeypatch = <_pytest.monkeypatch.MonkeyPatch object at 0x7ff5cb0d34a0>
suffix = '; rel=next/prev'

    @pytest.mark.parametrize("suffix", [
        "",
        "; rel=<next>",
        "; rel=next/prev",
        '; rel="<next>"',
        '; rel="next/prev"',
        '; rel="next\talternate"',
        '; rel="next"; title=not=a=token',
    ])
    def test_malformed_relation_metadata_cannot_assert_completion(monkeypatch, suffix):
        replies = [{"json": [{"id": 1}], "link": f"<{NEXT}>{suffix}"},
                   {"json": [{"id": 99}], "link": None}]
        with collection(monkeypatch, replies) as (client, calls):
>           with pytest.raises(RuntimeError, match="pagination.*Link"):
                 ^^^^^^^^^^^^^^^^^^^^^^^^^^^^^^^^^^^^^^^^^^^^^^^^^^^^^
E           Failed: DID NOT RAISE RuntimeError

../86776bb3cdb8-product-pr35/tests/test_broker_link_metadata_receiving.py:95: Failed
__ test_malformed_relation_metadata_cannot_assert_completion[; rel="<next>"] ___

monkeypatch = <_pytest.monkeypatch.MonkeyPatch object at 0x7ff5cb0d3f20>
suffix = '; rel="<next>"'

    @pytest.mark.parametrize("suffix", [
        "",
        "; rel=<next>",
        "; rel=next/prev",
        '; rel="<next>"',
        '; rel="next/prev"',
        '; rel="next\talternate"',
        '; rel="next"; title=not=a=token',
    ])
    def test_malformed_relation_metadata_cannot_assert_completion(monkeypatch, suffix):
        replies = [{"json": [{"id": 1}], "link": f"<{NEXT}>{suffix}"},
                   {"json": [{"id": 99}], "link": None}]
        with collection(monkeypatch, replies) as (client, calls):
>           with pytest.raises(RuntimeError, match="pagination.*Link"):
                 ^^^^^^^^^^^^^^^^^^^^^^^^^^^^^^^^^^^^^^^^^^^^^^^^^^^^^
E           Failed: DID NOT RAISE RuntimeError

../86776bb3cdb8-product-pr35/tests/test_broker_link_metadata_receiving.py:95: Failed
_ test_malformed_relation_metadata_cannot_assert_completion[; rel="next/prev"] _

monkeypatch = <_pytest.monkeypatch.MonkeyPatch object at 0x7ff5cb9f3560>
suffix = '; rel="next/prev"'

    @pytest.mark.parametrize("suffix", [
        "",
        "; rel=<next>",
        "; rel=next/prev",
        '; rel="<next>"',
        '; rel="next/prev"',
        '; rel="next\talternate"',
        '; rel="next"; title=not=a=token',
    ])
    def test_malformed_relation_metadata_cannot_assert_completion(monkeypatch, suffix):
        replies = [{"json": [{"id": 1}], "link": f"<{NEXT}>{suffix}"},
                   {"json": [{"id": 99}], "link": None}]
        with collection(monkeypatch, replies) as (client, calls):
>           with pytest.raises(RuntimeError, match="pagination.*Link"):
                 ^^^^^^^^^^^^^^^^^^^^^^^^^^^^^^^^^^^^^^^^^^^^^^^^^^^^^
E           Failed: DID NOT RAISE RuntimeError

../86776bb3cdb8-product-pr35/tests/test_broker_link_metadata_receiving.py:95: Failed
_ test_malformed_relation_metadata_cannot_assert_completion[; rel="next\talternate"] _

monkeypatch = <_pytest.monkeypatch.MonkeyPatch object at 0x7ff5cb0fa090>
suffix = '; rel="next\talternate"'

    @pytest.mark.parametrize("suffix", [
        "",
        "; rel=<next>",
        "; rel=next/prev",
        '; rel="<next>"',
        '; rel="next/prev"',
        '; rel="next\talternate"',
        '; rel="next"; title=not=a=token',
    ])
    def test_malformed_relation_metadata_cannot_assert_completion(monkeypatch, suffix):
        replies = [{"json": [{"id": 1}], "link": f"<{NEXT}>{suffix}"},
                   {"json": [{"id": 99}], "link": None}]
        with collection(monkeypatch, replies) as (client, calls):
>           with pytest.raises(RuntimeError, match="pagination.*Link"):
                 ^^^^^^^^^^^^^^^^^^^^^^^^^^^^^^^^^^^^^^^^^^^^^^^^^^^^^
E           Failed: DID NOT RAISE RuntimeError

../86776bb3cdb8-product-pr35/tests/test_broker_link_metadata_receiving.py:95: Failed
_ test_malformed_relation_metadata_cannot_assert_completion[; rel="next"; title=not=a=token] _

monkeypatch = <_pytest.monkeypatch.MonkeyPatch object at 0x7ff5cb0fbec0>
suffix = '; rel="next"; title=not=a=token'

    @pytest.mark.parametrize("suffix", [
        "",
        "; rel=<next>",
        "; rel=next/prev",
        '; rel="<next>"',
        '; rel="next/prev"',
        '; rel="next\talternate"',
        '; rel="next"; title=not=a=token',
    ])
    def test_malformed_relation_metadata_cannot_assert_completion(monkeypatch, suffix):
        replies = [{"json": [{"id": 1}], "link": f"<{NEXT}>{suffix}"},
                   {"json": [{"id": 99}], "link": None}]
        with collection(monkeypatch, replies) as (client, calls):
>           with pytest.raises(RuntimeError, match="pagination.*Link"):
                 ^^^^^^^^^^^^^^^^^^^^^^^^^^^^^^^^^^^^^^^^^^^^^^^^^^^^^
E           Failed: DID NOT RAISE RuntimeError

../86776bb3cdb8-product-pr35/tests/test_broker_link_metadata_receiving.py:95: Failed
_ test_unsupported_link_context_cannot_supply_next_collection[; rel="next"; anchor="https://elsewhere.example/other"] _

monkeypatch = <_pytest.monkeypatch.MonkeyPatch object at 0x7ff5cb0f9a00>
suffix = '; rel="next"; anchor="https://elsewhere.example/other"'

    @pytest.mark.parametrize("suffix", [
        '; rel="next"; anchor="https://elsewhere.example/other"',
        '; ANCHOR="/another-collection"; rel="next"',
    ])
    def test_unsupported_link_context_cannot_supply_next_collection(monkeypatch, suffix):
        replies = [{"json": [{"id": 1}], "link": f"<{NEXT}>{suffix}"},
                   {"json": [{"id": 99}], "link": None}]
        with collection(monkeypatch, replies) as (client, calls):
>           with pytest.raises(RuntimeError, match="pagination.*(context|anchor)"):
                 ^^^^^^^^^^^^^^^^^^^^^^^^^^^^^^^^^^^^^^^^^^^^^^^^^^^^^^^^^^^^^^^^^
E           Failed: DID NOT RAISE RuntimeError

../86776bb3cdb8-product-pr35/tests/test_broker_link_metadata_receiving.py:108: Failed
_ test_unsupported_link_context_cannot_supply_next_collection[; ANCHOR="/another-collection"; rel="next"] _

monkeypatch = <_pytest.monkeypatch.MonkeyPatch object at 0x7ff5cb0f8710>
suffix = '; ANCHOR="/another-collection"; rel="next"'

    @pytest.mark.parametrize("suffix", [
        '; rel="next"; anchor="https://elsewhere.example/other"',
        '; ANCHOR="/another-collection"; rel="next"',
    ])
    def test_unsupported_link_context_cannot_supply_next_collection(monkeypatch, suffix):
        replies = [{"json": [{"id": 1}], "link": f"<{NEXT}>{suffix}"},
                   {"json": [{"id": 99}], "link": None}]
        with collection(monkeypatch, replies) as (client, calls):
>           with pytest.raises(RuntimeError, match="pagination.*(context|anchor)"):
                 ^^^^^^^^^^^^^^^^^^^^^^^^^^^^^^^^^^^^^^^^^^^^^^^^^^^^^^^^^^^^^^^^^
E           Failed: DID NOT RAISE RuntimeError

../86776bb3cdb8-product-pr35/tests/test_broker_link_metadata_receiving.py:108: Failed
____________ test_opaque_query_and_quoted_valid_parameters_survive _____________

monkeypatch = <_pytest.monkeypatch.MonkeyPatch object at 0x7ff5cb123080>

    def test_opaque_query_and_quoted_valid_parameters_survive(monkeypatch):
        cursor = BASE + PATH + "?cursor=%2f%2F,a;b&include%5B%5D=a&include%5B%5D=b&empty=&literal=+"
        header = f'<{cursor}>; title="quoted; words, here"; title*=utf-8\'\'next%20page; rel="alternate NEXT https://relations.example/opaque%2Ftype urn:example:relation"'
        with collection(monkeypatch, [
            {"json": [], "link": header}, {"json": [{"id": 2}], "link": None},
        ]) as (client, calls):
>           assert client.get_paginated(PATH) == [{"id": 2}]
E           AssertionError: assert [] == [{'id': 2}]
E             
E             Right contains one more item: {'id': 2}
E             Use -v to get more diff

../86776bb3cdb8-product-pr35/tests/test_broker_link_metadata_receiving.py:119: AssertionError
=========================== short test summary info ============================
FAILED ../86776bb3cdb8-product-pr35/tests/test_broker_link_metadata_receiving.py::test_malformed_relation_metadata_cannot_assert_completion[]
FAILED ../86776bb3cdb8-product-pr35/tests/test_broker_link_metadata_receiving.py::test_malformed_relation_metadata_cannot_assert_completion[; rel=<next>]
FAILED ../86776bb3cdb8-product-pr35/tests/test_broker_link_metadata_receiving.py::test_malformed_relation_metadata_cannot_assert_completion[; rel=next/prev]
FAILED ../86776bb3cdb8-product-pr35/tests/test_broker_link_metadata_receiving.py::test_malformed_relation_metadata_cannot_assert_completion[; rel="<next>"]
FAILED ../86776bb3cdb8-product-pr35/tests/test_broker_link_metadata_receiving.py::test_malformed_relation_metadata_cannot_assert_completion[; rel="next/prev"]
FAILED ../86776bb3cdb8-product-pr35/tests/test_broker_link_metadata_receiving.py::test_malformed_relation_metadata_cannot_assert_completion[; rel="next\talternate"]
FAILED ../86776bb3cdb8-product-pr35/tests/test_broker_link_metadata_receiving.py::test_malformed_relation_metadata_cannot_assert_completion[; rel="next"; title=not=a=token]
FAILED ../86776bb3cdb8-product-pr35/tests/test_broker_link_metadata_receiving.py::test_unsupported_link_context_cannot_supply_next_collection[; rel="next"; anchor="https://elsewhere.example/other"]
FAILED ../86776bb3cdb8-product-pr35/tests/test_broker_link_metadata_receiving.py::test_unsupported_link_context_cannot_supply_next_collection[; ANCHOR="/another-collection"; rel="next"]
FAILED ../86776bb3cdb8-product-pr35/tests/test_broker_link_metadata_receiving.py::test_opaque_query_and_quoted_valid_parameters_survive
10 failed in 1.20s
